[askbootstrap.com/preview/swiggi/template2/restaurant.html]
[askbootstrap.com/preview/swiggi/template2/img/logo.png]
[backblue.gif]
[fade.gif]
[index.html]
[askbootstrap.com/preview/swiggi/template2/vendor/slick/slick.min.css]
[askbootstrap.com/preview/swiggi/template2/vendor/slick/slick-theme.min.css]
[askbootstrap.com/preview/swiggi/template2/vendor/icons/feather.css]
[askbootstrap.com/preview/swiggi/template2/vendor/bootstrap/css/bootstrap.min.css]
[askbootstrap.com/preview/swiggi/template2/css/style.css]
[askbootstrap.com/preview/swiggi/template2/vendor/sidebar/demo.css]
[askbootstrap.com/preview/swiggi/template2/home.html]
[askbootstrap.com/preview/swiggi/template2/contact-us.html]
[askbootstrap.com/preview/swiggi/template2/img/trending1.png]
[askbootstrap.com/preview/swiggi/template2/img/trending2.png]
[askbootstrap.com/preview/swiggi/template2/img/trending3.png]
[askbootstrap.com/preview/swiggi/template2/checkout.html]
[askbootstrap.com/preview/swiggi/template2/img/starter1.jpg]
[askbootstrap.com/preview/swiggi/template2/img/starter2.jpg]
[askbootstrap.com/preview/swiggi/template2/img/starter3.jpg]
[askbootstrap.com/preview/swiggi/template2/img/reviewer1.png]
[askbootstrap.com/preview/swiggi/template2/img/reviewer3.png]
[askbootstrap.com/preview/swiggi/template2/img/reviewer4.png]
[askbootstrap.com/preview/swiggi/template2/img/reviewer5.png]
[askbootstrap.com/preview/swiggi/template2/img/reviewer6.png]
[askbootstrap.com/preview/swiggi/template2/img/reviewer2.png]
[askbootstrap.com/preview/swiggi/template2/index.html]
[askbootstrap.com/preview/swiggi/template2/landing.html]
[askbootstrap.com/preview/swiggi/template2/login.html]
[askbootstrap.com/preview/swiggi/template2/signup.html]
[askbootstrap.com/preview/swiggi/template2/forgot_password.html]
[askbootstrap.com/preview/swiggi/template2/verification.html]
[askbootstrap.com/preview/swiggi/template2/location.html]
[askbootstrap.com/preview/swiggi/template2/select_country.html]
[askbootstrap.com/preview/swiggi/template2/trending.html]
[askbootstrap.com/preview/swiggi/template2/most_popular.html]
[askbootstrap.com/preview/swiggi/template2/recipe.html]
[askbootstrap.com/preview/swiggi/template2/map.html]
[askbootstrap.com/preview/swiggi/template2/payment.html]
[askbootstrap.com/preview/swiggi/template2/profile.html]
[askbootstrap.com/preview/swiggi/template2/favorites.html]
[askbootstrap.com/preview/swiggi/template2/filters.html]
[askbootstrap.com/preview/swiggi/template2/terms.html]
[askbootstrap.com/preview/swiggi/template2/faq.html]
[askbootstrap.com/preview/swiggi/template2/privacy.html]
[askbootstrap.com/preview/swiggi/template2/not-found.html]
[askbootstrap.com/preview/swiggi/template2/maintence.html]
[askbootstrap.com/preview/swiggi/template2/coming-soon.html]
[askbootstrap.com/preview/swiggi/template2/vendor/jquery/jquery.min.js]
[askbootstrap.com/preview/swiggi/template2/vendor/bootstrap/js/bootstrap.bundle.min.js]
[askbootstrap.com/preview/swiggi/template2/vendor/slick/slick.min.js]
[askbootstrap.com/preview/swiggi/template2/vendor/sidebar/hc-offcanvas-nav.js]
[askbootstrap.com/preview/swiggi/template2/js/osahan.js]
[askbootstrap.com/cdn-cgi/scripts/7d0fa10a/cloudflare-static/rocket-loader.min.js]
[askbootstrap.com/preview/swiggi/template2/restaurant.html]
[askbootstrap.com/preview/swiggi/template2/vendor/slick/slick.min.css]
[static.cloudflareinsights.com/beacon.min.js]
[askbootstrap.com/preview/swiggi/template2/vendor/slick/ajax-loader.gif]
[askbootstrap.com/preview/swiggi/template2/vendor/slick/fonts/slick.eot]
[askbootstrap.com/preview/swiggi/template2/vendor/slick/fonts/slickd41d.eot]
[askbootstrap.com/preview/swiggi/template2/vendor/slick/fonts/slick.woff]
[askbootstrap.com/preview/swiggi/template2/vendor/slick/fonts/slick.ttf]
[askbootstrap.com/preview/swiggi/template2/vendor/slick/fonts/slick.svg]
[askbootstrap.com/preview/swiggi/template2/vendor/slick/slick-theme.min.css]
[askbootstrap.com/preview/swiggi/template2/vendor/icons/fonts/Feather144f.ttf]
[askbootstrap.com/preview/swiggi/template2/vendor/icons/fonts/Feather144f.woff]
[askbootstrap.com/preview/swiggi/template2/vendor/icons/feather.css]
[askbootstrap.com/preview/swiggi/template2/vendor/bootstrap/css/bootstrap.min.css]
[askbootstrap.com/preview/swiggi/template2/css/style.css]
[askbootstrap.com/preview/swiggi/template2/vendor/sidebar/demo.css]
[askbootstrap.com/preview/swiggi/template2/vendor/icons/fonts/Feather144f.svg]
[askbootstrap.com/preview/swiggi/template2/img/icons/1.png]
[askbootstrap.com/preview/swiggi/template2/img/icons/2.png]
[askbootstrap.com/preview/swiggi/template2/img/icons/3.png]
[askbootstrap.com/preview/swiggi/template2/img/icons/4.png]
[askbootstrap.com/preview/swiggi/template2/img/icons/5.png]
[askbootstrap.com/preview/swiggi/template2/img/icons/6.png]
[askbootstrap.com/preview/swiggi/template2/img/icons/7.png]
[askbootstrap.com/preview/swiggi/template2/img/icons/8.png]
[askbootstrap.com/preview/swiggi/template2/img/icons/9.png]
[askbootstrap.com/preview/swiggi/template2/img/icons/10.png]
[askbootstrap.com/preview/swiggi/template2/img/icons/11.png]
[askbootstrap.com/preview/swiggi/template2/img/trending5.png]
[askbootstrap.com/preview/swiggi/template2/img/trending6.png]
[askbootstrap.com/preview/swiggi/template2/img/pro1.jpg]
[askbootstrap.com/preview/swiggi/template2/img/pro2.jpg]
[askbootstrap.com/preview/swiggi/template2/img/pro3.jpg]
[askbootstrap.com/preview/swiggi/template2/img/pro4.jpg]
[askbootstrap.com/preview/swiggi/template2/img/popular1.png]
[askbootstrap.com/preview/swiggi/template2/img/popular2.png]
[askbootstrap.com/preview/swiggi/template2/img/popular3.png]
[askbootstrap.com/preview/swiggi/template2/img/popular4.png]
[askbootstrap.com/preview/swiggi/template2/img/banner.png]
[askbootstrap.com/preview/swiggi/template2/img/sales1.png]
[askbootstrap.com/preview/swiggi/template2/img/sales2.png]
[askbootstrap.com/preview/swiggi/template2/img/sales3.png]
[askbootstrap.com/preview/swiggi/template2/img/nav-logo.png]
[askbootstrap.com/preview/swiggi/template2/home.html]
[askbootstrap.com/preview/swiggi/template2/contact-us.html]
[askbootstrap.com/preview/swiggi/template2/checkout.html]
[askbootstrap.com/preview/swiggi/template2/index.html]
[askbootstrap.com/preview/swiggi/template2/img/landing1.svg]
[askbootstrap.com/preview/swiggi/template2/img/landing2.svg]
[askbootstrap.com/preview/swiggi/template2/landing.html]
[askbootstrap.com/preview/swiggi/template2/img/landing3.svg]
[askbootstrap.com/preview/swiggi/template2/vendor/build/css/intlTelInput.css]
[askbootstrap.com/preview/swiggi/template2/img/bg.mp4]
[askbootstrap.com/preview/swiggi/template2/img/envelope.svg]
[askbootstrap.com/preview/swiggi/template2/img/apple-logo.svg]
[askbootstrap.com/preview/swiggi/template2/img/facebook.svg]
[askbootstrap.com/preview/swiggi/template2/img/search.svg]
[askbootstrap.com/preview/swiggi/template2/login.html]
[askbootstrap.com/preview/swiggi/template2/signup.html]
[askbootstrap.com/preview/swiggi/template2/forgot_password.html]
[askbootstrap.com/preview/swiggi/template2/verification.html]
[askbootstrap.com/preview/swiggi/template2/vendor/build/js/intlTelInput.js]
[askbootstrap.com/preview/swiggi/template2/img/location.svg]
[askbootstrap.com/preview/swiggi/template2/location.html]
[askbootstrap.com/preview/swiggi/template2/select_country.html]
[askbootstrap.com/preview/swiggi/template2/img/popular5.png]
[askbootstrap.com/preview/swiggi/template2/img/popular6.png]
[askbootstrap.com/preview/swiggi/template2/img/popular7.png]
[askbootstrap.com/preview/swiggi/template2/img/popular8.png]
[askbootstrap.com/preview/swiggi/template2/trending.html]
[askbootstrap.com/preview/swiggi/template2/most_popular.html]
[askbootstrap.com/preview/swiggi/template2/recipe.html]
[askbootstrap.com/preview/swiggi/template2/map.html]
[askbootstrap.com/preview/swiggi/template2/payment.html]
[askbootstrap.com/preview/swiggi/template2/img/user1.jpg]
[askbootstrap.com/preview/swiggi/template2/profile.html]
[askbootstrap.com/cdn-cgi/scripts/5c5dd728/cloudflare-static/email-decode.min.js]
[askbootstrap.com/preview/swiggi/template2/img/trending4.png]
[askbootstrap.com/preview/swiggi/template2/img/trending7.png]
[askbootstrap.com/preview/swiggi/template2/img/trending8.png]
[askbootstrap.com/preview/swiggi/template2/favorites.html]
[askbootstrap.com/preview/swiggi/template2/filters.html]
[askbootstrap.com/preview/swiggi/template2/terms.html]
[askbootstrap.com/preview/swiggi/template2/faq.html]
[askbootstrap.com/preview/swiggi/template2/privacy.html]
[askbootstrap.com/preview/swiggi/template2/not-found.html]
[askbootstrap.com/preview/swiggi/template2/img/not-found.svg]
[askbootstrap.com/preview/swiggi/template2/maintence.html]
[askbootstrap.com/preview/swiggi/template2/img/construction.svg]
[askbootstrap.com/preview/swiggi/template2/coming-soon.html]
[askbootstrap.com/preview/swiggi/template2/vendor/jquery/jquery.min.js]
[askbootstrap.com/preview/swiggi/template2/vendor/bootstrap/js/bootstrap.bundle.min.js]
[askbootstrap.com/preview/swiggi/template2/vendor/slick/slick.min.js]
[askbootstrap.com/preview/swiggi/template2/vendor/sidebar/hc-offcanvas-nav.js]
[askbootstrap.com/preview/swiggi/template2/js/osahan.js]
[askbootstrap.com/preview/swiggi/template2/vendor/slick/fonts/slick.svg]
[askbootstrap.com/preview/swiggi/template2/vendor/icons/fonts/Feather144f.svg]
[askbootstrap.com/preview/swiggi/template2/img/landing1.svg]
[askbootstrap.com/preview/swiggi/template2/img/coming-soon.svg]
[askbootstrap.com/preview/swiggi/template2/img/landing2.svg]
[askbootstrap.com/preview/swiggi/template2/img/landing3.svg]
[askbootstrap.com/preview/swiggi/template2/vendor/build/img/flags.png]
[askbootstrap.com/preview/swiggi/template2/vendor/build/img/flags@2x.png]
[askbootstrap.com/preview/swiggi/template2/vendor/build/css/intlTelInput.css]
[askbootstrap.com/preview/swiggi/template2/vendor/build/css/demo.css]
[askbootstrap.com/preview/swiggi/template2/img/envelope.svg]
[askbootstrap.com/preview/swiggi/template2/img/apple-logo.svg]
[askbootstrap.com/preview/swiggi/template2/img/facebook.svg]
[askbootstrap.com/preview/swiggi/template2/img/search.svg]
[askbootstrap.com/preview/swiggi/template2/vendor/build/js/intlTelInput.js]
[askbootstrap.com/preview/swiggi/template2/img/location.svg]
[askbootstrap.com/preview/swiggi/template2/img/not-found.svg]
[askbootstrap.com/preview/swiggi/template2/img/construction.svg]
[askbootstrap.com/preview/swiggi/template2/img/coming-soon.svg]
